Component: ARM Compiler 5.05 update 1 (build 106) Tool: armlink [4d0efa]

==============================================================================

Image Symbol Table

    Local Symbols

    Symbol Name                              Value     Ov Type        Size  Object(Section)

    RESET                                    0x00000000   Section      192  startup_hc32l13x.o(RESET)
    ../clib/microlib/division.c              0x00000000   Number         0  uidiv.o ABSOLUTE
    ../clib/microlib/init/entry.s            0x00000000   Number         0  entry8a.o ABSOLUTE
    ../clib/microlib/init/entry.s            0x00000000   Number         0  entry10a.o ABSOLUTE
    ../clib/microlib/init/entry.s            0x00000000   Number         0  entry.o ABSOLUTE
    ../clib/microlib/init/entry.s            0x00000000   Number         0  entry9b.o ABSOLUTE
    ../clib/microlib/init/entry.s            0x00000000   Number         0  entry9a.o ABSOLUTE
    ../clib/microlib/init/entry.s            0x00000000   Number         0  entry2.o ABSOLUTE
    ../clib/microlib/init/entry.s            0x00000000   Number         0  entry11b.o ABSOLUTE
    ../clib/microlib/init/entry.s            0x00000000   Number         0  entry11a.o ABSOLUTE
    ../clib/microlib/init/entry.s            0x00000000   Number         0  entry8b.o ABSOLUTE
    ../clib/microlib/init/entry.s            0x00000000   Number         0  entry7b.o ABSOLUTE
    ../clib/microlib/init/entry.s            0x00000000   Number         0  entry7a.o ABSOLUTE
    ../clib/microlib/init/entry.s            0x00000000   Number         0  entry10b.o ABSOLUTE
    ../clib/microlib/init/entry.s            0x00000000   Number         0  entry5.o ABSOLUTE
    ../clib/microlib/string/memcpy.c         0x00000000   Number         0  memcpya.o ABSOLUTE
    ../clib/microlib/string/memcpy.c         0x00000000   Number         0  memcpyb.o ABSOLUTE
    ../clib/microlib/stubs.s                 0x00000000   Number         0  iusefp.o ABSOLUTE
    ../clib/microlib/stubs.s                 0x00000000   Number         0  useno.o ABSOLUTE
    ../fplib/microlib/fpadd.c                0x00000000   Number         0  fadd.o ABSOLUTE
    ../fplib/microlib/fpdiv.c                0x00000000   Number         0  fdiv.o ABSOLUTE
    ../fplib/microlib/fpepilogue.c           0x00000000   Number         0  fepilogue.o ABSOLUTE
    ../fplib/microlib/fpfix.c                0x00000000   Number         0  ffixui.o ABSOLUTE
    ../fplib/microlib/fpflt.c                0x00000000   Number         0  ffltui.o ABSOLUTE
    common\\interrupts_hc32l13x.c            0x00000000   Number         0  interrupts_hc32l13x.o ABSOLUTE
    common\\system_hc32l13x.c                0x00000000   Number         0  system_hc32l13x.o ABSOLUTE
    common\interrupts_hc32l13x.c             0x00000000   Number         0  interrupts_hc32l13x.o ABSOLUTE
    common\system_hc32l13x.c                 0x00000000   Number         0  system_hc32l13x.o ABSOLUTE
    dc.s                                     0x00000000   Number         0  dc.o ABSOLUTE
    driver\\src\\ddl.c                       0x00000000   Number         0  ddl.o ABSOLUTE
    driver\\src\\gpio.c                      0x00000000   Number         0  gpio.o ABSOLUTE
    driver\\src\\lcd.c                       0x00000000   Number         0  lcd.o ABSOLUTE
    driver\\src\\lpm.c                       0x00000000   Number         0  lpm.o ABSOLUTE
    driver\\src\\rtc.c                       0x00000000   Number         0  rtc.o ABSOLUTE
    driver\\src\\sysctrl.c                   0x00000000   Number         0  sysctrl.o ABSOLUTE
    driver\\src\\uart.c                      0x00000000   Number         0  uart.o ABSOLUTE
    driver\src\ddl.c                         0x00000000   Number         0  ddl.o ABSOLUTE
    driver\src\gpio.c                        0x00000000   Number         0  gpio.o ABSOLUTE
    driver\src\lcd.c                         0x00000000   Number         0  lcd.o ABSOLUTE
    driver\src\lpm.c                         0x00000000   Number         0  lpm.o ABSOLUTE
    driver\src\rtc.c                         0x00000000   Number         0  rtc.o ABSOLUTE
    driver\src\sysctrl.c                     0x00000000   Number         0  sysctrl.o ABSOLUTE
    driver\src\uart.c                        0x00000000   Number         0  uart.o ABSOLUTE
    handlers.s                               0x00000000   Number         0  handlers.o ABSOLUTE
    hardware\\cc3200.c                       0x00000000   Number         0  cc3200.o ABSOLUTE
    hardware\\crd7601.c                      0x00000000   Number         0  crd7601.o ABSOLUTE
    hardware\cc3200.c                        0x00000000   Number         0  cc3200.o ABSOLUTE
    hardware\crd7601.c                       0x00000000   Number         0  crd7601.o ABSOLUTE
    init.s                                   0x00000000   Number         0  init.o ABSOLUTE
    source\\main.c                           0x00000000   Number         0  main.o ABSOLUTE
    source\main.c                            0x00000000   Number         0  main.o ABSOLUTE
    startup_hc32l13x.s                       0x00000000   Number         0  startup_hc32l13x.o ABSOLUTE
    .ARM.Collect$$$$00000000                 0x000000c0   Section        0  entry.o(.ARM.Collect$$$$00000000)
    .ARM.Collect$$$$00000001                 0x000000c0   Section        4  entry2.o(.ARM.Collect$$$$00000001)
    .ARM.Collect$$$$00000004                 0x000000c4   Section        4  entry5.o(.ARM.Collect$$$$00000004)
    .ARM.Collect$$$$00000008                 0x000000c8   Section        0  entry7b.o(.ARM.Collect$$$$00000008)
    .ARM.Collect$$$$0000000A                 0x000000c8   Section        0  entry8b.o(.ARM.Collect$$$$0000000A)
    .ARM.Collect$$$$0000000B                 0x000000c8   Section        8  entry9a.o(.ARM.Collect$$$$0000000B)
    .ARM.Collect$$$$0000000D                 0x000000d0   Section        0  entry10a.o(.ARM.Collect$$$$0000000D)
    .ARM.Collect$$$$0000000F                 0x000000d0   Section        0  entry11a.o(.ARM.Collect$$$$0000000F)
    .ARM.Collect$$$$00002712                 0x000000d0   Section        4  entry2.o(.ARM.Collect$$$$00002712)
    __lit__00000000                          0x000000d0   Data           4  entry2.o(.ARM.Collect$$$$00002712)
    .text                                    0x000000d4   Section       60  startup_hc32l13x.o(.text)
    .text                                    0x00000110   Section        0  uidiv.o(.text)
    .text                                    0x0000013c   Section        0  memcpya.o(.text)
    .text                                    0x00000160   Section        0  fadd.o(.text)
    .text                                    0x00000212   Section        0  fdiv.o(.text)
    .text                                    0x0000028e   Section        0  ffltui.o(.text)
    .text                                    0x0000029c   Section        0  ffixui.o(.text)
    .text                                    0x000002c4   Section        0  iusefp.o(.text)
    .text                                    0x000002c4   Section        0  fepilogue.o(.text)
    .text                                    0x00000348   Section       36  init.o(.text)
    i.$Sub$$main                             0x0000036c   Section        0  system_hc32l13x.o(i.$Sub$$main)
    i.ADC_IRQHandler                         0x0000037a   Section        0  interrupts_hc32l13x.o(i.ADC_IRQHandler)
    i.App_ClkCfg                             0x00000382   Section        0  rtc.o(i.App_ClkCfg)
    i.App_LcdCfg                             0x0000039c   Section        0  lcd.o(i.App_LcdCfg)
    i.App_PortCfg                            0x000003d8   Section        0  lcd.o(i.App_PortCfg)
    i.App_PortInit                           0x000004e4   Section        0  uart.o(i.App_PortInit)
    i.App_RtcCfg                             0x0000052c   Section        0  rtc.o(i.App_RtcCfg)
    i.App_UartCfg                            0x00000570   Section        0  uart.o(i.App_UartCfg)
    i.CLKTRIM_IRQHandler                     0x000005dc   Section        0  interrupts_hc32l13x.o(i.CLKTRIM_IRQHandler)
    i.DMAC_IRQHandler                        0x000005e4   Section        0  interrupts_hc32l13x.o(i.DMAC_IRQHandler)
    i.Display                                0x000005ec   Section        0  crd7601.o(i.Display)
    i.EnableNvic                             0x00000614   Section        0  interrupts_hc32l13x.o(i.EnableNvic)
    i.FLASH_RAM_IRQHandler                   0x0000067c   Section        0  interrupts_hc32l13x.o(i.FLASH_RAM_IRQHandler)
    i.GetBit                                 0x00000688   Section        0  ddl.o(i.GetBit)
    i.Gpio_Init                              0x00000694   Section        0  gpio.o(i.Gpio_Init)
    i.Gpio_SetAfMode                         0x0000071c   Section        0  gpio.o(i.Gpio_SetAfMode)
    i.Gpio_SetAnalogMode                     0x00000730   Section        0  gpio.o(i.Gpio_SetAnalogMode)
    i.Gpio_SetIO                             0x00000744   Section        0  gpio.o(i.Gpio_SetIO)
    i.HardFault_Handler                      0x00000758   Section        0  interrupts_hc32l13x.o(i.HardFault_Handler)
    i.I2C0_IRQHandler                        0x00000764   Section        0  interrupts_hc32l13x.o(i.I2C0_IRQHandler)
    i.I2C1_IRQHandler                        0x0000076c   Section        0  interrupts_hc32l13x.o(i.I2C1_IRQHandler)
    i.LCD_IRQHandler                         0x00000774   Section        0  interrupts_hc32l13x.o(i.LCD_IRQHandler)
    i.LPTIM_IRQHandler                       0x0000077c   Section        0  interrupts_hc32l13x.o(i.LPTIM_IRQHandler)
    i.LPUART0_IRQHandler                     0x00000784   Section        0  interrupts_hc32l13x.o(i.LPUART0_IRQHandler)
    i.LPUART1_IRQHandler                     0x0000078c   Section        0  interrupts_hc32l13x.o(i.LPUART1_IRQHandler)
    i.LVD_IRQHandler                         0x00000794   Section        0  interrupts_hc32l13x.o(i.LVD_IRQHandler)
    i.Lcd_Init                               0x0000079c   Section        0  lcd.o(i.Lcd_Init)
    i.Lcd_SetSegCom                          0x00000828   Section        0  lcd.o(i.Lcd_SetSegCom)
    i.Lcd_WriteRam                           0x00000838   Section        0  lcd.o(i.Lcd_WriteRam)
    i.Message                                0x00000854   Section        0  cc3200.o(i.Message)
    i.PCA_IRQHandler                         0x000008c4   Section        0  interrupts_hc32l13x.o(i.PCA_IRQHandler)
    i.PCNT_IRQHandler                        0x000008cc   Section        0  interrupts_hc32l13x.o(i.PCNT_IRQHandler)
    i.PORTA_IRQHandler                       0x000008d4   Section        0  interrupts_hc32l13x.o(i.PORTA_IRQHandler)
    i.PORTB_IRQHandler                       0x000008dc   Section        0  interrupts_hc32l13x.o(i.PORTB_IRQHandler)
    i.PORTC_IRQHandler                       0x000008e4   Section        0  interrupts_hc32l13x.o(i.PORTC_IRQHandler)
    i.PORTD_IRQHandler                       0x000008ec   Section        0  interrupts_hc32l13x.o(i.PORTD_IRQHandler)
    i.PortA_IRQHandler                       0x000008f4   Section        0  main.o(i.PortA_IRQHandler)
    i.RTC_IRQHandler                         0x000008f6   Section        0  interrupts_hc32l13x.o(i.RTC_IRQHandler)
    i.Rtc_Cmd                                0x00000900   Section        0  rtc.o(i.Rtc_Cmd)
    i.Rtc_CompCfg                            0x00000914   Section        0  rtc.o(i.Rtc_CompCfg)
    i.Rtc_Init                               0x00000948   Section        0  rtc.o(i.Rtc_Init)
    i.Rtc_SetCyc                             0x00000994   Section        0  rtc.o(i.Rtc_SetCyc)
    i.Rtc_SetTime                            0x000009e4   Section        0  rtc.o(i.Rtc_SetTime)
    i.SPI0_IRQHandler                        0x00000a4c   Section        0  interrupts_hc32l13x.o(i.SPI0_IRQHandler)
    i.SPI1_IRQHandler                        0x00000a54   Section        0  interrupts_hc32l13x.o(i.SPI1_IRQHandler)
    i.SetBit                                 0x00000a5c   Section        0  ddl.o(i.SetBit)
    i.SysTick_Handler                        0x00000a70   Section        0  interrupts_hc32l13x.o(i.SysTick_Handler)
    i.Sysctrl_ClkSourceEnable                0x00000a78   Section        0  sysctrl.o(i.Sysctrl_ClkSourceEnable)
    i.Sysctrl_GetHClkFreq                    0x00000b68   Section        0  sysctrl.o(i.Sysctrl_GetHClkFreq)
    i.Sysctrl_GetPClkFreq                    0x00000ca4   Section        0  sysctrl.o(i.Sysctrl_GetPClkFreq)
    i.Sysctrl_SetPeripheralGate              0x00000cbc   Section        0  sysctrl.o(i.Sysctrl_SetPeripheralGate)
    i.Sysctrl_SetRCHTrim                     0x00000cd0   Section        0  sysctrl.o(i.Sysctrl_SetRCHTrim)
    i.Sysctrl_SetRCLTrim                     0x00000cf4   Section        0  sysctrl.o(i.Sysctrl_SetRCLTrim)
    i.Sysctrl_SetRTCAdjustClkFreq            0x00000d18   Section        0  sysctrl.o(i.Sysctrl_SetRTCAdjustClkFreq)
    i.SystemCoreClockUpdate                  0x00000d3c   Section        0  system_hc32l13x.o(i.SystemCoreClockUpdate)
    i.SystemInit                             0x00000d4c   Section        0  system_hc32l13x.o(i.SystemInit)
    i.TIM0_IRQHandler                        0x00000d90   Section        0  interrupts_hc32l13x.o(i.TIM0_IRQHandler)
    i.TIM1_IRQHandler                        0x00000d98   Section        0  interrupts_hc32l13x.o(i.TIM1_IRQHandler)
    i.TIM2_IRQHandler                        0x00000da0   Section        0  interrupts_hc32l13x.o(i.TIM2_IRQHandler)
    i.TIM3_IRQHandler                        0x00000da8   Section        0  interrupts_hc32l13x.o(i.TIM3_IRQHandler)
    i.TIM4_IRQHandler                        0x00000db0   Section        0  interrupts_hc32l13x.o(i.TIM4_IRQHandler)
    i.TIM5_IRQHandler                        0x00000db8   Section        0  interrupts_hc32l13x.o(i.TIM5_IRQHandler)
    i.TIM6_IRQHandler                        0x00000dc0   Section        0  interrupts_hc32l13x.o(i.TIM6_IRQHandler)
    i.UART0_IRQHandler                       0x00000dc8   Section        0  interrupts_hc32l13x.o(i.UART0_IRQHandler)
    i.UART1_IRQHandler                       0x00000dd0   Section        0  interrupts_hc32l13x.o(i.UART1_IRQHandler)
    i.Uart_ClrStatus                         0x00000dd8   Section        0  uart.o(i.Uart_ClrStatus)
    i.Uart_EnableFunc                        0x00000de6   Section        0  uart.o(i.Uart_EnableFunc)
    i.Uart_EnableIrq                         0x00000df4   Section        0  uart.o(i.Uart_EnableIrq)
    i.Uart_GetStatus                         0x00000e02   Section        0  uart.o(i.Uart_GetStatus)
    i.Uart_Init                              0x00000e0c   Section        0  uart.o(i.Uart_Init)
    i.Uart_ReceiveData                       0x00000e80   Section        0  uart.o(i.Uart_ReceiveData)
    i.Uart_SendDataPoll                      0x00000e86   Section        0  uart.o(i.Uart_SendDataPoll)
    i.VC0_IRQHandler                         0x00000eba   Section        0  interrupts_hc32l13x.o(i.VC0_IRQHandler)
    i.VC1_IRQHandler                         0x00000ec2   Section        0  interrupts_hc32l13x.o(i.VC1_IRQHandler)
    i.WDT_IRQHandler                         0x00000eca   Section        0  interrupts_hc32l13x.o(i.WDT_IRQHandler)
    i._SysctrlUnlock                         0x00000ed4   Section        0  sysctrl.o(i._SysctrlUnlock)
    _SysctrlUnlock                           0x00000ed5   Thumb Code    12  sysctrl.o(i._SysctrlUnlock)
    i.__ARM_common_switch8                   0x00000eec   Section        0  lcd.o(i.__ARM_common_switch8)
    i.__scatterload_copy                     0x00000f06   Section       14  handlers.o(i.__scatterload_copy)
    i.__scatterload_null                     0x00000f14   Section        2  handlers.o(i.__scatterload_null)
    i.__scatterload_zeroinit                 0x00000f16   Section       14  handlers.o(i.__scatterload_zeroinit)
    i.ddl_memclr                             0x00000f24   Section        0  ddl.o(i.ddl_memclr)
    i.delay10us                              0x00000f38   Section        0  ddl.o(i.delay10us)
    i.main                                   0x00000f88   Section        0  main.o(i.main)
    .constdata                               0x0000101c   Section       24  sysctrl.o(.constdata)
    .constdata                               0x00001034   Section        8  uart.o(.constdata)
    .data                                    0x20000000   Section        4  system_hc32l13x.o(.data)
    .data                                    0x20000004   Section        1  cc3200.o(.data)
    .bss                                     0x20000008   Section       32  cc3200.o(.bss)
    STACK                                    0x20000028   Section      512  startup_hc32l13x.o(STACK)

    Global Symbols

    Symbol Name                              Value     Ov Type        Size  Object(Section)

    BuildAttributes$$THM_ISAv3M$S$PE$A:L22$X:L11$S22$IEEE1$IW$USESV6$~STKCKD$USESV7$~SHL$OTIME$ROPI$EBA8$MICROLIB$REQ8$PRES8$EABIv2 0x00000000   Number         0  anon$$obj.o ABSOLUTE
    __ARM_use_no_argv                        0x00000000   Number         0  main.o ABSOLUTE
    __Vectors                                0x00000000   Data           0  startup_hc32l13x.o(RESET)
    __use_no_errno                           0x00000000   Number         0  useno.o ABSOLUTE
    __use_no_exception_handling              0x00000000   Number         0  useno.o ABSOLUTE
    __use_no_fp                              0x00000000   Number         0  useno.o ABSOLUTE
    __use_no_heap                            0x00000000   Number         0  useno.o ABSOLUTE
    __use_no_heap_region                     0x00000000   Number         0  useno.o ABSOLUTE
    __use_no_semihosting                     0x00000000   Number         0  useno.o ABSOLUTE
    __use_no_semihosting_swi                 0x00000000   Number         0  useno.o ABSOLUTE
    __use_no_signal_handling                 0x00000000   Number         0  useno.o ABSOLUTE
    Adc_IRQHandler                            - Undefined Weak Reference
    ClkTrim_IRQHandler                        - Undefined Weak Reference
    Dmac_IRQHandler                           - Undefined Weak Reference
    Flash_IRQHandler                          - Undefined Weak Reference
    I2c0_IRQHandler                           - Undefined Weak Reference
    I2c1_IRQHandler                           - Undefined Weak Reference
    Lcd_IRQHandler                            - Undefined Weak Reference
    LpTim_IRQHandler                          - Undefined Weak Reference
    LpUart0_IRQHandler                        - Undefined Weak Reference
    LpUart1_IRQHandler                        - Undefined Weak Reference
    Lvd_IRQHandler                            - Undefined Weak Reference
    Pca_IRQHandler                            - Undefined Weak Reference
    Pcnt_IRQHandler                           - Undefined Weak Reference
    PortB_IRQHandler                          - Undefined Weak Reference
    PortC_IRQHandler                          - Undefined Weak Reference
    PortD_IRQHandler                          - Undefined Weak Reference
    Ram_IRQHandler                            - Undefined Weak Reference
    Rtc_IRQHandler                            - Undefined Weak Reference
    Spi0_IRQHandler                           - Undefined Weak Reference
    Spi1_IRQHandler                           - Undefined Weak Reference
    SysTick_IRQHandler                        - Undefined Weak Reference
    Tim0_IRQHandler                           - Undefined Weak Reference
    Tim1_IRQHandler                           - Undefined Weak Reference
    Tim2_IRQHandler                           - Undefined Weak Reference
    Tim3_IRQHandler                           - Undefined Weak Reference
    Tim4_IRQHandler                           - Undefined Weak Reference
    Tim5_IRQHandler                           - Undefined Weak Reference
    Tim6_IRQHandler                           - Undefined Weak Reference
    Uart0_IRQHandler                          - Undefined Weak Reference
    Uart1_IRQHandler                          - Undefined Weak Reference
    Vc0_IRQHandler                            - Undefined Weak Reference
    Vc1_IRQHandler                            - Undefined Weak Reference
    Wdt_IRQHandler                            - Undefined Weak Reference
    __cpp_initialize__aeabi_                  - Undefined Weak Reference
    __cxa_finalize                            - Undefined Weak Reference
    __decompress                              - Undefined Weak Reference
    _clock_init                               - Undefined Weak Reference
    _microlib_exit                            - Undefined Weak Reference
    __Vectors_End                            0x000000c0   Data           0  startup_hc32l13x.o(RESET)
    __Vectors_Size                           0x000000c0   Number         0  startup_hc32l13x.o ABSOLUTE
    __main                                   0x000000c1   Thumb Code     0  entry.o(.ARM.Collect$$$$00000000)
    _main_stk                                0x000000c1   Thumb Code     0  entry2.o(.ARM.Collect$$$$00000001)
    _main_scatterload                        0x000000c5   Thumb Code     0  entry5.o(.ARM.Collect$$$$00000004)
    __main_after_scatterload                 0x000000c9   Thumb Code     0  entry5.o(.ARM.Collect$$$$00000004)
    _main_clock                              0x000000c9   Thumb Code     0  entry7b.o(.ARM.Collect$$$$00000008)
    _main_cpp_init                           0x000000c9   Thumb Code     0  entry8b.o(.ARM.Collect$$$$0000000A)
    _main_init                               0x000000c9   Thumb Code     0  entry9a.o(.ARM.Collect$$$$0000000B)
    __rt_final_cpp                           0x000000d1   Thumb Code     0  entry10a.o(.ARM.Collect$$$$0000000D)
    __rt_final_exit                          0x000000d1   Thumb Code     0  entry11a.o(.ARM.Collect$$$$0000000F)
    Reset_Handler                            0x000000d5   Thumb Code    26  startup_hc32l13x.o(.text)
    NMI_Handler                              0x000000ef   Thumb Code     2  startup_hc32l13x.o(.text)
    SVC_Handler                              0x000000f3   Thumb Code     2  startup_hc32l13x.o(.text)
    PendSV_Handler                           0x000000f5   Thumb Code     2  startup_hc32l13x.o(.text)
    __aeabi_uidiv                            0x00000111   Thumb Code     0  uidiv.o(.text)
    __aeabi_uidivmod                         0x00000111   Thumb Code    44  uidiv.o(.text)
    __aeabi_memcpy                           0x0000013d   Thumb Code    36  memcpya.o(.text)
    __aeabi_memcpy4                          0x0000013d   Thumb Code     0  memcpya.o(.text)
    __aeabi_memcpy8                          0x0000013d   Thumb Code     0  memcpya.o(.text)
    __aeabi_fadd                             0x00000161   Thumb Code   162  fadd.o(.text)
    __aeabi_fsub                             0x00000203   Thumb Code     8  fadd.o(.text)
    __aeabi_frsub                            0x0000020b   Thumb Code     8  fadd.o(.text)
    __aeabi_fdiv                             0x00000213   Thumb Code   124  fdiv.o(.text)
    __aeabi_ui2f                             0x0000028f   Thumb Code    14  ffltui.o(.text)
    __aeabi_f2uiz                            0x0000029d   Thumb Code    40  ffixui.o(.text)
    __I$use$fp                               0x000002c5   Thumb Code     0  iusefp.o(.text)
    _float_round                             0x000002c5   Thumb Code    16  fepilogue.o(.text)
    _float_epilogue                          0x000002d5   Thumb Code   114  fepilogue.o(.text)
    __scatterload                            0x00000349   Thumb Code    28  init.o(.text)
    __scatterload_rt2                        0x00000349   Thumb Code     0  init.o(.text)
    main                                     0x0000036d   Thumb Code    14  system_hc32l13x.o(i.$Sub$$main)
    ADC_IRQHandler                           0x0000037b   Thumb Code     8  interrupts_hc32l13x.o(i.ADC_IRQHandler)
    App_ClkCfg                               0x00000383   Thumb Code    24  rtc.o(i.App_ClkCfg)
    App_LcdCfg                               0x0000039d   Thumb Code    52  lcd.o(i.App_LcdCfg)
    App_PortCfg                              0x000003d9   Thumb Code   268  lcd.o(i.App_PortCfg)
    App_PortInit                             0x000004e5   Thumb Code    72  uart.o(i.App_PortInit)
    App_RtcCfg                               0x0000052d   Thumb Code    68  rtc.o(i.App_RtcCfg)
    App_UartCfg                              0x00000571   Thumb Code   108  uart.o(i.App_UartCfg)
    CLKTRIM_IRQHandler                       0x000005dd   Thumb Code     8  interrupts_hc32l13x.o(i.CLKTRIM_IRQHandler)
    DMAC_IRQHandler                          0x000005e5   Thumb Code     8  interrupts_hc32l13x.o(i.DMAC_IRQHandler)
    Display                                  0x000005ed   Thumb Code    40  crd7601.o(i.Display)
    EnableNvic                               0x00000615   Thumb Code    88  interrupts_hc32l13x.o(i.EnableNvic)
    FLASH_RAM_IRQHandler                     0x0000067d   Thumb Code    12  interrupts_hc32l13x.o(i.FLASH_RAM_IRQHandler)
    GetBit                                   0x00000689   Thumb Code    10  ddl.o(i.GetBit)
    Gpio_Init                                0x00000695   Thumb Code   124  gpio.o(i.Gpio_Init)
    Gpio_SetAfMode                           0x0000071d   Thumb Code    14  gpio.o(i.Gpio_SetAfMode)
    Gpio_SetAnalogMode                       0x00000731   Thumb Code    16  gpio.o(i.Gpio_SetAnalogMode)
    Gpio_SetIO                               0x00000745   Thumb Code    16  gpio.o(i.Gpio_SetIO)
    HardFault_Handler                        0x00000759   Thumb Code    12  interrupts_hc32l13x.o(i.HardFault_Handler)
    I2C0_IRQHandler                          0x00000765   Thumb Code     8  interrupts_hc32l13x.o(i.I2C0_IRQHandler)
    I2C1_IRQHandler                          0x0000076d   Thumb Code     8  interrupts_hc32l13x.o(i.I2C1_IRQHandler)
    LCD_IRQHandler                           0x00000775   Thumb Code     8  interrupts_hc32l13x.o(i.LCD_IRQHandler)
    LPTIM_IRQHandler                         0x0000077d   Thumb Code     8  interrupts_hc32l13x.o(i.LPTIM_IRQHandler)
    LPUART0_IRQHandler                       0x00000785   Thumb Code     8  interrupts_hc32l13x.o(i.LPUART0_IRQHandler)
    LPUART1_IRQHandler                       0x0000078d   Thumb Code     8  interrupts_hc32l13x.o(i.LPUART1_IRQHandler)
    LVD_IRQHandler                           0x00000795   Thumb Code     8  interrupts_hc32l13x.o(i.LVD_IRQHandler)
    Lcd_Init                                 0x0000079d   Thumb Code   136  lcd.o(i.Lcd_Init)
    Lcd_SetSegCom                            0x00000829   Thumb Code    12  lcd.o(i.Lcd_SetSegCom)
    Lcd_WriteRam                             0x00000839   Thumb Code    24  lcd.o(i.Lcd_WriteRam)
    Message                                  0x00000855   Thumb Code   104  cc3200.o(i.Message)
    PCA_IRQHandler                           0x000008c5   Thumb Code     8  interrupts_hc32l13x.o(i.PCA_IRQHandler)
    PCNT_IRQHandler                          0x000008cd   Thumb Code     8  interrupts_hc32l13x.o(i.PCNT_IRQHandler)
    PORTA_IRQHandler                         0x000008d5   Thumb Code     8  interrupts_hc32l13x.o(i.PORTA_IRQHandler)
    PORTB_IRQHandler                         0x000008dd   Thumb Code     8  interrupts_hc32l13x.o(i.PORTB_IRQHandler)
    PORTC_IRQHandler                         0x000008e5   Thumb Code     8  interrupts_hc32l13x.o(i.PORTC_IRQHandler)
    PORTD_IRQHandler                         0x000008ed   Thumb Code     8  interrupts_hc32l13x.o(i.PORTD_IRQHandler)
    PortA_IRQHandler                         0x000008f5   Thumb Code     2  main.o(i.PortA_IRQHandler)
    RTC_IRQHandler                           0x000008f7   Thumb Code     8  interrupts_hc32l13x.o(i.RTC_IRQHandler)
    Rtc_Cmd                                  0x00000901   Thumb Code    14  rtc.o(i.Rtc_Cmd)
    Rtc_CompCfg                              0x00000915   Thumb Code    48  rtc.o(i.Rtc_CompCfg)
    Rtc_Init                                 0x00000949   Thumb Code    70  rtc.o(i.Rtc_Init)
    Rtc_SetCyc                               0x00000995   Thumb Code    74  rtc.o(i.Rtc_SetCyc)
    Rtc_SetTime                              0x000009e5   Thumb Code   100  rtc.o(i.Rtc_SetTime)
    SPI0_IRQHandler                          0x00000a4d   Thumb Code     8  interrupts_hc32l13x.o(i.SPI0_IRQHandler)
    SPI1_IRQHandler                          0x00000a55   Thumb Code     8  interrupts_hc32l13x.o(i.SPI1_IRQHandler)
    SetBit                                   0x00000a5d   Thumb Code    20  ddl.o(i.SetBit)
    SysTick_Handler                          0x00000a71   Thumb Code     8  interrupts_hc32l13x.o(i.SysTick_Handler)
    Sysctrl_ClkSourceEnable                  0x00000a79   Thumb Code   228  sysctrl.o(i.Sysctrl_ClkSourceEnable)
    Sysctrl_GetHClkFreq                      0x00000b69   Thumb Code   298  sysctrl.o(i.Sysctrl_GetHClkFreq)
    Sysctrl_GetPClkFreq                      0x00000ca5   Thumb Code    18  sysctrl.o(i.Sysctrl_GetPClkFreq)
    Sysctrl_SetPeripheralGate                0x00000cbd   Thumb Code    16  sysctrl.o(i.Sysctrl_SetPeripheralGate)
    Sysctrl_SetRCHTrim                       0x00000cd1   Thumb Code    28  sysctrl.o(i.Sysctrl_SetRCHTrim)
    Sysctrl_SetRCLTrim                       0x00000cf5   Thumb Code    28  sysctrl.o(i.Sysctrl_SetRCLTrim)
    Sysctrl_SetRTCAdjustClkFreq              0x00000d19   Thumb Code    30  sysctrl.o(i.Sysctrl_SetRTCAdjustClkFreq)
    SystemCoreClockUpdate                    0x00000d3d   Thumb Code    12  system_hc32l13x.o(i.SystemCoreClockUpdate)
    SystemInit                               0x00000d4d   Thumb Code    60  system_hc32l13x.o(i.SystemInit)
    TIM0_IRQHandler                          0x00000d91   Thumb Code     8  interrupts_hc32l13x.o(i.TIM0_IRQHandler)
    TIM1_IRQHandler                          0x00000d99   Thumb Code     8  interrupts_hc32l13x.o(i.TIM1_IRQHandler)
    TIM2_IRQHandler                          0x00000da1   Thumb Code     8  interrupts_hc32l13x.o(i.TIM2_IRQHandler)
    TIM3_IRQHandler                          0x00000da9   Thumb Code     8  interrupts_hc32l13x.o(i.TIM3_IRQHandler)
    TIM4_IRQHandler                          0x00000db1   Thumb Code     8  interrupts_hc32l13x.o(i.TIM4_IRQHandler)
    TIM5_IRQHandler                          0x00000db9   Thumb Code     8  interrupts_hc32l13x.o(i.TIM5_IRQHandler)
    TIM6_IRQHandler                          0x00000dc1   Thumb Code     8  interrupts_hc32l13x.o(i.TIM6_IRQHandler)
    UART0_IRQHandler                         0x00000dc9   Thumb Code     8  interrupts_hc32l13x.o(i.UART0_IRQHandler)
    UART1_IRQHandler                         0x00000dd1   Thumb Code     8  interrupts_hc32l13x.o(i.UART1_IRQHandler)
    Uart_ClrStatus                           0x00000dd9   Thumb Code    14  uart.o(i.Uart_ClrStatus)
    Uart_EnableFunc                          0x00000de7   Thumb Code    14  uart.o(i.Uart_EnableFunc)
    Uart_EnableIrq                           0x00000df5   Thumb Code    14  uart.o(i.Uart_EnableIrq)
    Uart_GetStatus                           0x00000e03   Thumb Code    10  uart.o(i.Uart_GetStatus)
    Uart_Init                                0x00000e0d   Thumb Code   112  uart.o(i.Uart_Init)
    Uart_ReceiveData                         0x00000e81   Thumb Code     6  uart.o(i.Uart_ReceiveData)
    Uart_SendDataPoll                        0x00000e87   Thumb Code    52  uart.o(i.Uart_SendDataPoll)
    VC0_IRQHandler                           0x00000ebb   Thumb Code     8  interrupts_hc32l13x.o(i.VC0_IRQHandler)
    VC1_IRQHandler                           0x00000ec3   Thumb Code     8  interrupts_hc32l13x.o(i.VC1_IRQHandler)
    WDT_IRQHandler                           0x00000ecb   Thumb Code     8  interrupts_hc32l13x.o(i.WDT_IRQHandler)
    __ARM_common_switch8                     0x00000eed   Thumb Code    26  lcd.o(i.__ARM_common_switch8)
    __scatterload_copy                       0x00000f07   Thumb Code    14  handlers.o(i.__scatterload_copy)
    __scatterload_null                       0x00000f15   Thumb Code     2  handlers.o(i.__scatterload_null)
    __scatterload_zeroinit                   0x00000f17   Thumb Code    14  handlers.o(i.__scatterload_zeroinit)
    ddl_memclr                               0x00000f25   Thumb Code    18  ddl.o(i.ddl_memclr)
    delay10us                                0x00000f39   Thumb Code    62  ddl.o(i.delay10us)
    $Super$$main                             0x00000f89   Thumb Code   146  main.o(i.main)
    Region$$Table$$Base                      0x0000103c   Number         0  anon$$obj.o(Region$$Table)
    Region$$Table$$Limit                     0x0000105c   Number         0  anon$$obj.o(Region$$Table)
    SystemCoreClock                          0x20000000   Data           4  system_hc32l13x.o(.data)
    i                                        0x20000004   Data           1  cc3200.o(.data)
    u8TxData                                 0x20000008   Data          32  cc3200.o(.bss)
    __initial_sp                             0x20000228   Data           0  startup_hc32l13x.o(STACK)



==============================================================================

Memory Map of the image

  Image Entry point : 0x000000c1

  Load Region LR_IROM1 (Base: 0x00000000, Size: 0x00001064, Max: 0x00010000, ABSOLUTE)

    Execution Region ER_IROM1 (Base: 0x00000000, Size: 0x0000105c, Max: 0x00010000, ABSOLUTE)

    Base Addr    Size         Type   Attr      Idx    E Section Name        Object

    0x00000000   0x000000c0   Data   RO            3    RESET               startup_hc32l13x.o
    0x000000c0   0x00000000   Code   RO         1254  * .ARM.Collect$$$$00000000  mc_p.l(entry.o)
    0x000000c0   0x00000004   Code   RO         1271    .ARM.Collect$$$$00000001  mc_p.l(entry2.o)
    0x000000c4   0x00000004   Code   RO         1274    .ARM.Collect$$$$00000004  mc_p.l(entry5.o)
    0x000000c8   0x00000000   Code   RO         1276    .ARM.Collect$$$$00000008  mc_p.l(entry7b.o)
    0x000000c8   0x00000000   Code   RO         1278    .ARM.Collect$$$$0000000A  mc_p.l(entry8b.o)
    0x000000c8   0x00000008   Code   RO         1279    .ARM.Collect$$$$0000000B  mc_p.l(entry9a.o)
    0x000000d0   0x00000000   Code   RO         1281    .ARM.Collect$$$$0000000D  mc_p.l(entry10a.o)
    0x000000d0   0x00000000   Code   RO         1283    .ARM.Collect$$$$0000000F  mc_p.l(entry11a.o)
    0x000000d0   0x00000004   Code   RO         1272    .ARM.Collect$$$$00002712  mc_p.l(entry2.o)
    0x000000d4   0x0000003c   Code   RO            4    .text               startup_hc32l13x.o
    0x00000110   0x0000002c   Code   RO         1257    .text               mc_p.l(uidiv.o)
    0x0000013c   0x00000024   Code   RO         1259    .text               mc_p.l(memcpya.o)
    0x00000160   0x000000b2   Code   RO         1263    .text               mf_p.l(fadd.o)
    0x00000212   0x0000007c   Code   RO         1265    .text               mf_p.l(fdiv.o)
    0x0000028e   0x0000000e   Code   RO         1267    .text               mf_p.l(ffltui.o)
    0x0000029c   0x00000028   Code   RO         1269    .text               mf_p.l(ffixui.o)
    0x000002c4   0x00000000   Code   RO         1285    .text               mc_p.l(iusefp.o)
    0x000002c4   0x00000082   Code   RO         1286    .text               mf_p.l(fepilogue.o)
    0x00000346   0x00000002   PAD
    0x00000348   0x00000024   Code   RO         1288    .text               mc_p.l(init.o)
    0x0000036c   0x0000000e   Code   RO           12    i.$Sub$$main        system_hc32l13x.o
    0x0000037a   0x00000008   Code   RO           97    i.ADC_IRQHandler    interrupts_hc32l13x.o
    0x00000382   0x00000018   Code   RO          940    i.App_ClkCfg        rtc.o
    0x0000039a   0x00000002   PAD
    0x0000039c   0x0000003c   Code   RO          506    i.App_LcdCfg        lcd.o
    0x000003d8   0x0000010c   Code   RO          507    i.App_PortCfg       lcd.o
    0x000004e4   0x00000048   Code   RO         1082    i.App_PortInit      uart.o
    0x0000052c   0x00000044   Code   RO          941    i.App_RtcCfg        rtc.o
    0x00000570   0x0000006c   Code   RO         1083    i.App_UartCfg       uart.o
    0x000005dc   0x00000008   Code   RO           98    i.CLKTRIM_IRQHandler  interrupts_hc32l13x.o
    0x000005e4   0x00000008   Code   RO           99    i.DMAC_IRQHandler   interrupts_hc32l13x.o
    0x000005ec   0x00000028   Code   RO         1202    i.Display           crd7601.o
    0x00000614   0x00000068   Code   RO          100    i.EnableNvic        interrupts_hc32l13x.o
    0x0000067c   0x0000000c   Code   RO          101    i.FLASH_RAM_IRQHandler  interrupts_hc32l13x.o
    0x00000688   0x0000000a   Code   RO          404    i.GetBit            ddl.o
    0x00000692   0x00000002   PAD
    0x00000694   0x00000088   Code   RO          635    i.Gpio_Init         gpio.o
    0x0000071c   0x00000014   Code   RO          637    i.Gpio_SetAfMode    gpio.o
    0x00000730   0x00000014   Code   RO          638    i.Gpio_SetAnalogMode  gpio.o
    0x00000744   0x00000014   Code   RO          640    i.Gpio_SetIO        gpio.o
    0x00000758   0x0000000c   Code   RO          102    i.HardFault_Handler  interrupts_hc32l13x.o
    0x00000764   0x00000008   Code   RO          103    i.I2C0_IRQHandler   interrupts_hc32l13x.o
    0x0000076c   0x00000008   Code   RO          104    i.I2C1_IRQHandler   interrupts_hc32l13x.o
    0x00000774   0x00000008   Code   RO          105    i.LCD_IRQHandler    interrupts_hc32l13x.o
    0x0000077c   0x00000008   Code   RO          106    i.LPTIM_IRQHandler  interrupts_hc32l13x.o
    0x00000784   0x00000008   Code   RO          107    i.LPUART0_IRQHandler  interrupts_hc32l13x.o
    0x0000078c   0x00000008   Code   RO          108    i.LPUART1_IRQHandler  interrupts_hc32l13x.o
    0x00000794   0x00000008   Code   RO          109    i.LVD_IRQHandler    interrupts_hc32l13x.o
    0x0000079c   0x0000008c   Code   RO          514    i.Lcd_Init          lcd.o
    0x00000828   0x00000010   Code   RO          515    i.Lcd_SetSegCom     lcd.o
    0x00000838   0x0000001c   Code   RO          516    i.Lcd_WriteRam      lcd.o
    0x00000854   0x00000070   Code   RO         1229    i.Message           cc3200.o
    0x000008c4   0x00000008   Code   RO          110    i.PCA_IRQHandler    interrupts_hc32l13x.o
    0x000008cc   0x00000008   Code   RO          111    i.PCNT_IRQHandler   interrupts_hc32l13x.o
    0x000008d4   0x00000008   Code   RO          112    i.PORTA_IRQHandler  interrupts_hc32l13x.o
    0x000008dc   0x00000008   Code   RO          113    i.PORTB_IRQHandler  interrupts_hc32l13x.o
    0x000008e4   0x00000008   Code   RO          114    i.PORTC_IRQHandler  interrupts_hc32l13x.o
    0x000008ec   0x00000008   Code   RO          115    i.PORTD_IRQHandler  interrupts_hc32l13x.o
    0x000008f4   0x00000002   Code   RO          335    i.PortA_IRQHandler  main.o
    0x000008f6   0x00000008   Code   RO          116    i.RTC_IRQHandler    interrupts_hc32l13x.o
    0x000008fe   0x00000002   PAD
    0x00000900   0x00000014   Code   RO          949    i.Rtc_Cmd           rtc.o
    0x00000914   0x00000034   Code   RO          950    i.Rtc_CompCfg       rtc.o
    0x00000948   0x0000004c   Code   RO          955    i.Rtc_Init          rtc.o
    0x00000994   0x00000050   Code   RO          958    i.Rtc_SetCyc        rtc.o
    0x000009e4   0x00000068   Code   RO          959    i.Rtc_SetTime       rtc.o
    0x00000a4c   0x00000008   Code   RO          117    i.SPI0_IRQHandler   interrupts_hc32l13x.o
    0x00000a54   0x00000008   Code   RO          118    i.SPI1_IRQHandler   interrupts_hc32l13x.o
    0x00000a5c   0x00000014   Code   RO          406    i.SetBit            ddl.o
    0x00000a70   0x00000008   Code   RO          119    i.SysTick_Handler   interrupts_hc32l13x.o
    0x00000a78   0x000000f0   Code   RO          799    i.Sysctrl_ClkSourceEnable  sysctrl.o
    0x00000b68   0x0000013c   Code   RO          800    i.Sysctrl_GetHClkFreq  sysctrl.o
    0x00000ca4   0x00000018   Code   RO          801    i.Sysctrl_GetPClkFreq  sysctrl.o
    0x00000cbc   0x00000014   Code   RO          808    i.Sysctrl_SetPeripheralGate  sysctrl.o
    0x00000cd0   0x00000024   Code   RO          809    i.Sysctrl_SetRCHTrim  sysctrl.o
    0x00000cf4   0x00000024   Code   RO          811    i.Sysctrl_SetRCLTrim  sysctrl.o
    0x00000d18   0x00000024   Code   RO          812    i.Sysctrl_SetRTCAdjustClkFreq  sysctrl.o
    0x00000d3c   0x00000010   Code   RO           13    i.SystemCoreClockUpdate  system_hc32l13x.o
    0x00000d4c   0x00000044   Code   RO           14    i.SystemInit        system_hc32l13x.o
    0x00000d90   0x00000008   Code   RO          120    i.TIM0_IRQHandler   interrupts_hc32l13x.o
    0x00000d98   0x00000008   Code   RO          121    i.TIM1_IRQHandler   interrupts_hc32l13x.o
    0x00000da0   0x00000008   Code   RO          122    i.TIM2_IRQHandler   interrupts_hc32l13x.o
    0x00000da8   0x00000008   Code   RO          123    i.TIM3_IRQHandler   interrupts_hc32l13x.o
    0x00000db0   0x00000008   Code   RO          124    i.TIM4_IRQHandler   interrupts_hc32l13x.o
    0x00000db8   0x00000008   Code   RO          125    i.TIM5_IRQHandler   interrupts_hc32l13x.o
    0x00000dc0   0x00000008   Code   RO          126    i.TIM6_IRQHandler   interrupts_hc32l13x.o
    0x00000dc8   0x00000008   Code   RO          127    i.UART0_IRQHandler  interrupts_hc32l13x.o
    0x00000dd0   0x00000008   Code   RO          128    i.UART1_IRQHandler  interrupts_hc32l13x.o
    0x00000dd8   0x0000000e   Code   RO         1085    i.Uart_ClrStatus    uart.o
    0x00000de6   0x0000000e   Code   RO         1088    i.Uart_EnableFunc   uart.o
    0x00000df4   0x0000000e   Code   RO         1089    i.Uart_EnableIrq    uart.o
    0x00000e02   0x0000000a   Code   RO         1092    i.Uart_GetStatus    uart.o
    0x00000e0c   0x00000074   Code   RO         1093    i.Uart_Init         uart.o
    0x00000e80   0x00000006   Code   RO         1094    i.Uart_ReceiveData  uart.o
    0x00000e86   0x00000034   Code   RO         1096    i.Uart_SendDataPoll  uart.o
    0x00000eba   0x00000008   Code   RO          129    i.VC0_IRQHandler    interrupts_hc32l13x.o
    0x00000ec2   0x00000008   Code   RO          130    i.VC1_IRQHandler    interrupts_hc32l13x.o
    0x00000eca   0x00000008   Code   RO          131    i.WDT_IRQHandler    interrupts_hc32l13x.o
    0x00000ed2   0x00000002   PAD
    0x00000ed4   0x00000018   Code   RO          819    i._SysctrlUnlock    sysctrl.o
    0x00000eec   0x0000001a   Code   RO          589    i.__ARM_common_switch8  lcd.o
    0x00000f06   0x0000000e   Code   RO         1292    i.__scatterload_copy  mc_p.l(handlers.o)
    0x00000f14   0x00000002   Code   RO         1293    i.__scatterload_null  mc_p.l(handlers.o)
    0x00000f16   0x0000000e   Code   RO         1294    i.__scatterload_zeroinit  mc_p.l(handlers.o)
    0x00000f24   0x00000012   Code   RO          410    i.ddl_memclr        ddl.o
    0x00000f36   0x00000002   PAD
    0x00000f38   0x00000050   Code   RO          412    i.delay10us         ddl.o
    0x00000f88   0x00000092   Code   RO          336    i.main              main.o
    0x0000101a   0x00000002   PAD
    0x0000101c   0x00000018   Data   RO          820    .constdata          sysctrl.o
    0x00001034   0x00000008   Data   RO         1100    .constdata          uart.o
    0x0000103c   0x00000020   Data   RO         1290    Region$$Table       anon$$obj.o


    Execution Region RW_IRAM1 (Base: 0x20000000, Size: 0x00000228, Max: 0x00002000, ABSOLUTE)

    Base Addr    Size         Type   Attr      Idx    E Section Name        Object

    0x20000000   0x00000004   Data   RW           15    .data               system_hc32l13x.o
    0x20000004   0x00000001   Data   RW         1231    .data               cc3200.o
    0x20000005   0x00000003   PAD
    0x20000008   0x00000020   Zero   RW         1230    .bss                cc3200.o
    0x20000028   0x00000200   Zero   RW            1    STACK               startup_hc32l13x.o


==============================================================================

Image component sizes


      Code (inc. data)   RO Data    RW Data    ZI Data      Debug   Object Name

       112          8          0          1         32       1155   cc3200.o
        40          0          0          0          0        474   crd7601.o
       128         18          0          0          0       2458   ddl.o
       196         26          0          0          0       2479   gpio.o
       384         16          0          0          0     137464   interrupts_hc32l13x.o
       538         20          0          0          0       4684   lcd.o
       148          0          0          0          0       7314   main.o
       424         26          0          0          0       4436   rtc.o
        60         22        192          0        512        644   startup_hc32l13x.o
       732         90         24          0          0       6915   sysctrl.o
        98         12          0          4          0      12944   system_hc32l13x.o
       406          4          8          0          0       5331   uart.o

    ----------------------------------------------------------------------
      3278        242        256          8        544     186298   Object Totals
         0          0         32          0          0          0   (incl. Generated)
        12          0          0          3          0          0   (incl. Padding)

    ----------------------------------------------------------------------

      Code (inc. data)   RO Data    RW Data    ZI Data      Debug   Library Member Name

         0          0          0          0          0          0   entry.o
         0          0          0          0          0          0   entry10a.o
         0          0          0          0          0          0   entry11a.o
         8          4          0          0          0          0   entry2.o
         4          0          0          0          0          0   entry5.o
         0          0          0          0          0          0   entry7b.o
         0          0          0          0          0          0   entry8b.o
         8          4          0          0          0          0   entry9a.o
        30          0          0          0          0          0   handlers.o
        36          8          0          0          0         68   init.o
         0          0          0          0          0          0   iusefp.o
        36          0          0          0          0         60   memcpya.o
        44          0          0          0          0         72   uidiv.o
       178          0          0          0          0        108   fadd.o
       124          0          0          0          0         72   fdiv.o
       130          0          0          0          0        144   fepilogue.o
        40          0          0          0          0         60   ffixui.o
        14          0          0          0          0         68   ffltui.o

    ----------------------------------------------------------------------
       654         16          0          0          0        652   Library Totals
         2          0          0          0          0          0   (incl. Padding)

    ----------------------------------------------------------------------

      Code (inc. data)   RO Data    RW Data    ZI Data      Debug   Library Name

       166         16          0          0          0        200   mc_p.l
       486          0          0          0          0        452   mf_p.l

    ----------------------------------------------------------------------
       654         16          0          0          0        652   Library Totals

    ----------------------------------------------------------------------

==============================================================================


      Code (inc. data)   RO Data    RW Data    ZI Data      Debug   

      3932        258        256          8        544     183538   Grand Totals
      3932        258        256          8        544     183538   ELF Image Totals
      3932        258        256          8          0          0   ROM Totals

==============================================================================

    Total RO  Size (Code + RO Data)                 4188 (   4.09kB)
    Total RW  Size (RW Data + ZI Data)               552 (   0.54kB)
    Total ROM Size (Code + RO Data + RW Data)       4196 (   4.10kB)

==============================================================================

