<html>
<body>
<pre>
<h1>礦ision Build Log</h1>
<h2>Tool Versions:</h2>
IDE-Version: μVision V5.20.0.39
Copyright (C) 2016 ARM Ltd and ARM Germany GmbH. All rights reserved.
License Information: lin wei, linwei, LIC=TIVNB-2U0Y1-GKSBG-V9HIY-47UGN-VFRAE
 
Tool Versions:
Toolchain:       MDK-ARM Plus  Version: 5.14.0.0
Toolchain Path:  d:\Keil_v5\ARM\ARMCC\Bin
C Compiler:      Armcc.exe V5.05 update 1 (build 106)
Assembler:       Armasm.exe V5.05 update 1 (build 106)
Linker/Locator:  ArmLink.exe V5.05 update 1 (build 106)
Library Manager: ArmAr.exe V5.05 update 1 (build 106)
Hex Converter:   FromElf.exe V5.05 update 1 (build 106)
CPU DLL:         SARMCM3.DLL V5.14.0.0
Dialog DLL:      DARMCM1.DLL V1.12.0.0
Target DLL:      CMSIS_AGDI.dll V1.21.0.0
Dialog DLL:      TARMCM1.DLL V1.9.0.0
 
<h2>Project:</h2>
F:\捷米机器人\药箱\控制程序\主板控制\（1）药箱主控板（实现lcd全显示）\lcd_mode.uvprojx
Project File Date:  03/11/2022

<h2>Output:</h2>
*** Using Compiler 'V5.05 update 1 (build 106)', folder: 'd:\Keil_v5\ARM\ARMCC\Bin'
Rebuild target 'lcd_mode_Release'
assembling startup_hc32l13x.s...
compiling system_hc32l13x.c...
compiling interrupts_hc32l13x.c...
compiling lpm.c...
compiling main.c...
compiling ddl.c...
compiling uart.c...
compiling gpio.c...
compiling sysctrl.c...
compiling lcd.c...
compiling rtc.c...
compiling crd7601.c...
compiling cc3200.c...
linking...
Program Size: Code=3932 RO-data=256 RW-data=8 ZI-data=544  
FromELF: creating hex file...
".\output\release\lcd_mode.axf" - 0 Error(s), 0 Warning(s).

<h2>Collection of Component include folders:</h2>
  F:\捷米机器人\药箱\控制程序\主板控制\（1）药箱主控板（实现lcd全显示）\RTE

<h2>Collection of Component Files used:</h2>
Build Time Elapsed:  00:00:01
</pre>
</body>
</html>
